First log line dt0c01.ABC1234ABCDYSWY7ICK31234.12341234ABCD3WB56VYJD62F2K3IP5B6FD7MBRXNV432KRHF3O7QVP76BVBR2222
Second log line AKIAIOSFODNN7EXAMPLE
Third log line clean
